[html.vikinglab.agency/barfi/index-5-single.html]
[backblue.gif]
[fade.gif]
[index.html]
[html.vikinglab.agency/barfi/assets/img/logo/fav-icon.svg]
[html.vikinglab.agency/barfi/assets/css/plugins/bootstrap.min.css]
[html.vikinglab.agency/barfi/assets/css/plugins/swiper-bundle.min.css]
[html.vikinglab.agency/barfi/assets/css/plugins/nice-select.css]
[html.vikinglab.agency/barfi/assets/css/plugins/all.css]
[html.vikinglab.agency/barfi/assets/css/plugins/magnific-popup.css]
[html.vikinglab.agency/barfi/assets/css/plugins/odometer-theme-default.min.css]
[html.vikinglab.agency/barfi/assets/css/plugins/animate.min.css]
[html.vikinglab.agency/barfi/assets/css/plugins/aos.css]
[html.vikinglab.agency/barfi/assets/css/style.css]
[html.vikinglab.agency/barfi/assets/img/preloader/vl-preloader-1.1.png]
[html.vikinglab.agency/barfi/index-5.html]
[html.vikinglab.agency/barfi/assets/img/logo/logo-black.png]
[html.vikinglab.agency/barfi/assets/img/icon/vl-phone2.1.svg]
[html.vikinglab.agency/barfi/index.html]
[html.vikinglab.agency/barfi/assets/img/icon/vl-icon-1.1.svg]
[html.vikinglab.agency/barfi/assets/img/icon/vl-icon-1.3.svg]
[html.vikinglab.agency/barfi/assets/img/icon/vl-icon-1.2.svg]
[html.vikinglab.agency/barfi/assets/img/Landscaping/banner/banner-thumb-bg-5.1.png]
[html.vikinglab.agency/barfi/contact.html]
[html.vikinglab.agency/barfi/assets/img/Landscaping/banner/vl-banner-auth5.png]
[html.vikinglab.agency/barfi/assets/img/Landscaping/banner/banner-thumb-bg-5.2.png]
[html.vikinglab.agency/barfi/assets/img/Landscaping/banner/banner-thumb-bg-5.3.png]
[html.vikinglab.agency/barfi/assets/img/Landscaping/banner/thumb-sm-5.2.png]
[html.vikinglab.agency/barfi/assets/img/Landscaping/banner/thumb-sm-5.1.png]
[html.vikinglab.agency/barfi/assets/img/icon/sub-title-icon1.4.svg]
[html.vikinglab.agency/barfi/assets/img/Landscaping/about/vl-about-5.1.png]
[html.vikinglab.agency/barfi/about.html]
[html.vikinglab.agency/barfi/assets/img/Landscaping/about/vl-about-5.2.png]
[html.vikinglab.agency/barfi/assets/img/Landscaping/service/service-right-shape5.1.png]
[html.vikinglab.agency/barfi/assets/img/Landscaping/service/vl-service-5.1.png]
[html.vikinglab.agency/barfi/service-single.html]
[html.vikinglab.agency/barfi/assets/img/icon/vl-service-icon-5.1.svg]
[html.vikinglab.agency/barfi/assets/img/Landscaping/service/vl-service-5.2.png]
[html.vikinglab.agency/barfi/assets/img/Landscaping/service/vl-service-5.3.png]
[html.vikinglab.agency/barfi/assets/img/Landscaping/service/vl-service-5.4.png]
[html.vikinglab.agency/barfi/assets/img/Landscaping/project/vl-project-thumb-5.1.png]
[html.vikinglab.agency/barfi/assets/img/Landscaping/project/vl-project-thumb-5.2.png]
[html.vikinglab.agency/barfi/assets/img/Landscaping/project/vl-project-thumb-5.3.png]
[html.vikinglab.agency/barfi/assets/img/Landscaping/project/vl-project-thumb-5.4.png]
[html.vikinglab.agency/barfi/assets/img/Landscaping/project/vl-project-thumb-5.5.png]
[html.vikinglab.agency/barfi/assets/img/Landscaping/project/vl-project-thumb-5.6.png]
[html.vikinglab.agency/barfi/assets/img/Landscaping/project/vl-project-thumb-5.7.png]
[html.vikinglab.agency/barfi/assets/img/Landscaping/project/vl-project-thumb-5.8.png]
[html.vikinglab.agency/barfi/assets/img/shape/work-shape-5.1.svg]
[html.vikinglab.agency/barfi/assets/img/shape/vl-choose-shape-5.1.png]
[html.vikinglab.agency/barfi/assets/img/Landscaping/choose/vl-choose-thumb-5.1.png]
[html.vikinglab.agency/barfi/assets/img/icon/choose-ph-5.1.svg]
[html.vikinglab.agency/barfi/assets/img/icon/vl-choose-icon-5.1.svg]
[html.vikinglab.agency/barfi/assets/img/icon/vl-choose-icon-5.2.svg]
[html.vikinglab.agency/barfi/assets/img/icon/quote5.1.svg]
[html.vikinglab.agency/barfi/assets/img/Landscaping/testimonial/testimonial-auth-thumb-5.1.png]
[html.vikinglab.agency/barfi/testimonial.html]
[html.vikinglab.agency/barfi/assets/img/shape/testimonial-shape-b1.png]
[html.vikinglab.agency/barfi/assets/img/Landscaping/testimonial/testimonial-auth-thumb-5.2.png]
[html.vikinglab.agency/barfi/assets/img/Landscaping/testimonial/testimonial-auth-thumb-5.3.png]
[html.vikinglab.agency/barfi/assets/img/Landscaping/blog/blog-thumb-5.1.png]
[html.vikinglab.agency/barfi/assets/img/Landscaping/blog/blog-auth-5.1.png]
[html.vikinglab.agency/barfi/assets/img/icon/cmnt5.1.svg]
[html.vikinglab.agency/barfi/blog-single.html]
[html.vikinglab.agency/barfi/assets/img/Landscaping/blog/blog-thumb-5.2.png]
[html.vikinglab.agency/barfi/assets/img/Landscaping/blog/blog-auth-5.2.png]
[html.vikinglab.agency/barfi/assets/img/Landscaping/blog/blog-thumb-5.3.png]
[html.vikinglab.agency/barfi/assets/img/Landscaping/blog/blog-auth-5.3.png]
[html.vikinglab.agency/barfi/assets/img/Landscaping/blog/blog-thumb-5.4.png]
[html.vikinglab.agency/barfi/assets/img/Landscaping/blog/blog-auth-5.4.png]
[html.vikinglab.agency/barfi/assets/img/Landscaping/cta/vl-cta-bg-5.1.png]
[html.vikinglab.agency/barfi/assets/img/icon/footer-ph-1.1.svg]
[html.vikinglab.agency/barfi/assets/img/shape/cta-wave-shape2.1.svg]
[html.vikinglab.agency/barfi/assets/img/icon/cta-phone-2.1.svg]
[html.vikinglab.agency/barfi/service.html]
[html.vikinglab.agency/barfi/blog.html]
[html.vikinglab.agency/barfi/assets/img/icon/vl-location-1.1.svg]
[html.vikinglab.agency/barfi/assets/img/icon/footer-mail-1.1.svg]
[html.vikinglab.agency/barfi/assets/img/icon/footer-web-1.1.svg]
[html.vikinglab.agency/barfi/assets/js/plugins/jquery-3.7.1.min.js]
[html.vikinglab.agency/barfi/assets/js/plugins/bootstrap.min.js]
[html.vikinglab.agency/barfi/assets/js/plugins/jarallax.min.js]
[html.vikinglab.agency/barfi/assets/js/plugins/swiper-bundle.min.js]
[html.vikinglab.agency/barfi/assets/js/plugins/nice-select.js]
[html.vikinglab.agency/barfi/assets/js/plugins/fontawesome.min.js]
[html.vikinglab.agency/barfi/assets/js/plugins/magnific-popup.js]
[html.vikinglab.agency/barfi/assets/js/plugins/waypoints.js]
[html.vikinglab.agency/barfi/assets/js/plugins/odometer.min.js]
[html.vikinglab.agency/barfi/assets/js/plugins/aos.js]
[html.vikinglab.agency/barfi/assets/js/plugins/ScrollSmoother.min.js]
[html.vikinglab.agency/barfi/assets/js/plugins/plugin.js]
[html.vikinglab.agency/barfi/assets/js/slider.js]
[html.vikinglab.agency/barfi/assets/js/main.js]
[html.vikinglab.agency/barfi/index-5-single.html]
[html.vikinglab.agency/barfi/assets/img/logo/fav-icon.svg]
[html.vikinglab.agency/barfi/assets/css/plugins/bootstrap.min.css]
[html.vikinglab.agency/barfi/assets/css/plugins/swiper-bundle.min.css]
[html.vikinglab.agency/barfi/assets/css/plugins/nice-select.css]
[html.vikinglab.agency/barfi/assets/css/plugins/fonts/fa-brands-400.ttf]
[html.vikinglab.agency/barfi/assets/css/plugins/fonts/fa-duotone-900.woff2]
[html.vikinglab.agency/barfi/assets/css/plugins/fonts/fa-light-300.woff2]
[html.vikinglab.agency/barfi/assets/css/plugins/fonts/fa-duotone-900.ttf]
[html.vikinglab.agency/barfi/assets/css/plugins/fonts/fa-regular-400.woff2]
[html.vikinglab.agency/barfi/assets/css/plugins/fonts/fa-light-300.ttf]
[html.vikinglab.agency/barfi/assets/css/plugins/fonts/fa-regular-400.ttf]
[html.vikinglab.agency/barfi/assets/css/plugins/fonts/fa-solid-900.woff2]
[html.vikinglab.agency/barfi/assets/css/plugins/fonts/fa-thin-100.woff2]
[html.vikinglab.agency/barfi/assets/css/plugins/fonts/fa-solid-900.ttf]
[html.vikinglab.agency/barfi/assets/css/plugins/fonts/fa-brands-400.woff2]
[html.vikinglab.agency/barfi/assets/css/plugins/fonts/fa-thin-100.ttf]
[html.vikinglab.agency/barfi/assets/css/plugins/fonts/fa-v4compatibility.woff2]
[html.vikinglab.agency/barfi/assets/css/plugins/fonts/fa-v4compatibility.ttf]
[html.vikinglab.agency/barfi/assets/css/plugins/all.css]
[html.vikinglab.agency/barfi/assets/css/plugins/magnific-popup.css]
[html.vikinglab.agency/barfi/assets/css/plugins/odometer-theme-default.min.css]
[html.vikinglab.agency/barfi/assets/css/plugins/animate.min.css]
[html.vikinglab.agency/barfi/assets/css/plugins/aos.css]
[html.vikinglab.agency/barfi/assets/css/style.css]
[html.vikinglab.agency/barfi/assets/img/demo/vl-demo-1.1.png]
[html.vikinglab.agency/barfi/index-single.html]
[html.vikinglab.agency/barfi/assets/img/demo/vl-demo-1.2.png]
[html.vikinglab.agency/barfi/index-2.html]
[html.vikinglab.agency/barfi/index-2-single.html]
[html.vikinglab.agency/barfi/assets/img/demo/vl-demo-1.3.png]
[html.vikinglab.agency/barfi/index-3.html]
[html.vikinglab.agency/barfi/index-3-single.html]
[html.vikinglab.agency/barfi/assets/img/demo/vl-demo-1.4.png]
[html.vikinglab.agency/barfi/index-4.html]
[html.vikinglab.agency/barfi/index-4-single.html]
[html.vikinglab.agency/barfi/assets/img/demo/vl-demo-1.5.png]
[html.vikinglab.agency/barfi/assets/img/demo/vl-demo-1.6.png]
[html.vikinglab.agency/barfi/index-6.html]
[html.vikinglab.agency/barfi/index-6-single.html]
[html.vikinglab.agency/barfi/assets/img/demo/vl-demo-1.7.png]
[html.vikinglab.agency/barfi/index-7.html]
[html.vikinglab.agency/barfi/index-7-single.html]
[html.vikinglab.agency/barfi/assets/img/demo/vl-demo-1.8.png]
[html.vikinglab.agency/barfi/index-8.html]
[html.vikinglab.agency/barfi/index-8-single.html]
[html.vikinglab.agency/barfi/assets/img/demo/vl-demo-1.9.png]
[html.vikinglab.agency/barfi/index-9.html]
[html.vikinglab.agency/barfi/index-9-single.html]
[html.vikinglab.agency/barfi/assets/img/demo/vl-demo-1.10.png]
[html.vikinglab.agency/barfi/index-10.html]
[html.vikinglab.agency/barfi/index-10-single.html]
[html.vikinglab.agency/barfi/team.html]
[html.vikinglab.agency/barfi/team-details.html]
[html.vikinglab.agency/barfi/404.html]
[html.vikinglab.agency/barfi/service-left.html]
[html.vikinglab.agency/barfi/service-right.html]
[html.vikinglab.agency/barfi/blog-left.html]
[html.vikinglab.agency/barfi/blog-right.html]
[html.vikinglab.agency/barfi/assets/img/icon/vl-service-icon-5.2.svg]
[html.vikinglab.agency/barfi/index-5.html]
[html.vikinglab.agency/barfi/assets/img/icon/vl-service-icon-5.3.svg]
[html.vikinglab.agency/barfi/assets/img/icon/vl-phone2.1.svg]
[html.vikinglab.agency/barfi/assets/img/icon/vl-call1.1.svg]
[html.vikinglab.agency/barfi/assets/img/shape/banner-shape1.1.svg]
[html.vikinglab.agency/barfi/assets/img/shape/banner-shape1.2.svg]
[html.vikinglab.agency/barfi/assets/img/shape/google1.1.svg]
[html.vikinglab.agency/barfi/assets/img/SnowRemovalOne/slide/banner-slider1.1.png]
[html.vikinglab.agency/barfi/assets/img/SnowRemovalOne/slide/banner-slider1.2.png]
[html.vikinglab.agency/barfi/assets/img/SnowRemovalOne/slide/banner-slider1.3.png]
[html.vikinglab.agency/barfi/assets/img/SnowRemovalOne/slide/banner-sm-1.1.png]
[html.vikinglab.agency/barfi/assets/img/SnowRemovalOne/slide/banner-sm-1.2.png]
[html.vikinglab.agency/barfi/assets/img/SnowRemovalOne/slide/banner-sm-1.3.png]
[html.vikinglab.agency/barfi/assets/img/SnowRemovalOne/about/vl-about1.1.png]
[html.vikinglab.agency/barfi/assets/img/SnowRemovalOne/about/vl-about-1.2.png]
[html.vikinglab.agency/barfi/assets/img/icon/sub-title-icon1.1.svg]
[html.vikinglab.agency/barfi/assets/img/shape/service-bg-shape.svg]
[html.vikinglab.agency/barfi/assets/img/icon/service-icon-1.1.svg]
[html.vikinglab.agency/barfi/assets/img/icon/service-icon-1.2.svg]
[html.vikinglab.agency/barfi/assets/img/icon/service-center-icon.svg]
[html.vikinglab.agency/barfi/assets/img/icon/service-icon-1.3.svg]
[html.vikinglab.agency/barfi/assets/img/icon/service-icon-1.4.svg]
[html.vikinglab.agency/barfi/assets/img/icon/choose-icon1.1.svg]
[html.vikinglab.agency/barfi/assets/img/icon/choose-icon1.2.svg]
[html.vikinglab.agency/barfi/assets/img/shape/testimonial-shape1.1.svg]
[html.vikinglab.agency/barfi/assets/img/SnowRemovalOne/team/vl-team-thumb1.1.png]
[html.vikinglab.agency/barfi/assets/img/icon/share-icon1.1.svg]
[html.vikinglab.agency/barfi/assets/img/shape/team-shape1.1.svg]
[html.vikinglab.agency/barfi/assets/img/SnowRemovalOne/team/vl-team-thumb1.2.png]
[html.vikinglab.agency/barfi/assets/img/SnowRemovalOne/team/vl-team-thumb1.3.png]
[html.vikinglab.agency/barfi/assets/img/SnowRemovalOne/team/vl-team-thumb1.4.png]
[html.vikinglab.agency/barfi/assets/img/shape/quote-left1.1.svg]
[html.vikinglab.agency/barfi/assets/img/SnowRemovalOne/testimonial/testimonial1.1.png]
[html.vikinglab.agency/barfi/assets/img/SnowRemovalOne/testimonial/testimonial1.2.png]
[html.vikinglab.agency/barfi/assets/img/SnowRemovalOne/testimonial/testimonial1.3.png]
[html.vikinglab.agency/barfi/assets/img/SnowRemovalOne/testimonial/testimonial1.4.png]
[html.vikinglab.agency/barfi/assets/img/logo/google-sm-logo.svg]
[html.vikinglab.agency/barfi/assets/img/SnowRemovalOne/blog/blog-thum1.1.png]
[html.vikinglab.agency/barfi/assets/img/SnowRemovalOne/blog/blog-thum1.2.png]
[html.vikinglab.agency/barfi/assets/img/SnowRemovalOne/blog/blog-thum1.3.png]
[html.vikinglab.agency/barfi/assets/img/shape/footer-shape1.1.svg]
[html.vikinglab.agency/barfi/assets/img/footer/insta-post1.1.png]
[html.vikinglab.agency/barfi/assets/img/footer/insta-post1.2.png]
[html.vikinglab.agency/barfi/assets/img/footer/insta-post1.3.png]
[html.vikinglab.agency/barfi/assets/img/footer/insta-post1.4.png]
[html.vikinglab.agency/barfi/assets/img/footer/insta-post1.5.png]
[html.vikinglab.agency/barfi/assets/img/footer/insta-post1.6.png]
[html.vikinglab.agency/barfi/index.html]
[html.vikinglab.agency/barfi/assets/img/icon/vl-icon-1.1.svg]
[html.vikinglab.agency/barfi/assets/img/icon/vl-icon-1.3.svg]
[html.vikinglab.agency/barfi/assets/img/icon/vl-icon-1.2.svg]
[html.vikinglab.agency/barfi/assets/img/shape/breadcrumb-shape.svg]
[html.vikinglab.agency/barfi/assets/img/SnowRemovalOne/contact/vl-contact-thumb1.png]
[html.vikinglab.agency/barfi/assets/img/icon/vl-contact-icon1.1.svg]
[html.vikinglab.agency/barfi/assets/img/icon/vl-contact-icon1.2.svg]
[html.vikinglab.agency/barfi/assets/img/icon/vl-contact-icon1.3.svg]
[html.vikinglab.agency/barfi/assets/img/icon/vl-contact-icon1.4.svg]
[html.vikinglab.agency/barfi/contact.html]
[html.vikinglab.agency/barfi/assets/img/icon/sub-title-icon1.4.svg]
[html.vikinglab.agency/barfi/assets/img/Landscaping/banner/thumb-sm-5.3.png]
[html.vikinglab.agency/barfi/assets/img/SnowRemovalTwo/about/vl-about2.1.png]
[html.vikinglab.agency/barfi/assets/img/SnowRemovalTwo/about/vl-about2.2.png]
[html.vikinglab.agency/barfi/assets/img/shape/fact-shape-about-bg.svg]
[html.vikinglab.agency/barfi/assets/img/SnowRemovalOne/choose/vl-choose-thumb-inner1.1.png]
[html.vikinglab.agency/barfi/assets/img/icon/vl-chos-icon-ab-1.1.svg]
[html.vikinglab.agency/barfi/assets/img/icon/vl-chos-icon-ab-1.2.svg]
[html.vikinglab.agency/barfi/assets/img/icon/vl-chos-icon-ab-1.3.svg]
[html.vikinglab.agency/barfi/assets/img/icon/vl-chos-icon-ab-1.4.svg]
[html.vikinglab.agency/barfi/assets/img/icon/vl-chos-icon-ab-1.5.svg]
[html.vikinglab.agency/barfi/assets/img/icon/vl-chos-icon-ab-1.6.svg]
[html.vikinglab.agency/barfi/assets/img/SnowRemovalOne/service/vl-value-thumb1.1.png]
[html.vikinglab.agency/barfi/assets/img/TreeRemoval/testimonial/testimoial-bg6.png]
[html.vikinglab.agency/barfi/assets/img/icon/quote-left-iner-1.1.svg]
[html.vikinglab.agency/barfi/assets/img/LawnCare/team/vl-team4.1.png]
[html.vikinglab.agency/barfi/assets/img/icon/team-share-3.1.svg]
[html.vikinglab.agency/barfi/assets/img/LawnCare/team/vl-team4.2.png]
[html.vikinglab.agency/barfi/assets/img/LawnCare/team/vl-team4.3.png]
[html.vikinglab.agency/barfi/assets/img/LawnCare/team/vl-team4.4.png]
[html.vikinglab.agency/barfi/about.html]
[html.vikinglab.agency/barfi/assets/img/SnowRemovalOne/service/service-lag-thumb1.1.png]
[html.vikinglab.agency/barfi/assets/img/SnowRemovalOne/service/vl-service-sm-thumb1.1.png]
[html.vikinglab.agency/barfi/assets/img/SnowRemovalOne/service/vl-service-sm-thumb1.2.png]
[html.vikinglab.agency/barfi/assets/img/SnowRemovalTwo/solution/solution-thumb2.1.png]
[html.vikinglab.agency/barfi/assets/img/SnowRemovalTwo/solution/solution-thumb2.2.png]
[html.vikinglab.agency/barfi/assets/img/SnowRemovalTwo/solution/solution-thumb2.3.png]
[html.vikinglab.agency/barfi/service-single.html]
[html.vikinglab.agency/barfi/assets/img/icon/vl-service-icon-5.1.svg]
[html.vikinglab.agency/barfi/assets/img/shape/work-shape-5.1.svg]
[html.vikinglab.agency/barfi/assets/img/icon/choose-ph-5.1.svg]
[html.vikinglab.agency/barfi/assets/img/icon/vl-choose-icon-5.1.svg]
[html.vikinglab.agency/barfi/assets/img/icon/vl-choose-icon-5.2.svg]
[html.vikinglab.agency/barfi/assets/img/icon/quote5.1.svg]
[html.vikinglab.agency/barfi/assets/img/SnowRemovalOne/testimonial/testimonial-thunb-inner1.2.png]
[html.vikinglab.agency/barfi/assets/img/SnowRemovalOne/testimonial/testimonial-thunb-inner1.3.png]
[html.vikinglab.agency/barfi/assets/img/SnowRemovalOne/testimonial/testimonial-thunb-inner1.4.png]
[html.vikinglab.agency/barfi/assets/img/SnowRemovalOne/testimonial/testimonial-thunb-inner1.5.png]
[html.vikinglab.agency/barfi/assets/img/SnowRemovalOne/testimonial/testimonial-thunb-inner1.8.png]
[html.vikinglab.agency/barfi/assets/img/SnowRemovalOne/testimonial/testimonial-thunb-inner1.10.png]
[html.vikinglab.agency/barfi/assets/img/SnowRemovalOne/testimonial/testimonial-thunb-inner1.11.png]
[html.vikinglab.agency/barfi/assets/img/SnowRemovalOne/testimonial/testimonial-thunb-inner1.12.png]
[html.vikinglab.agency/barfi/testimonial.html]
[html.vikinglab.agency/barfi/assets/img/icon/cmnt5.1.svg]
[html.vikinglab.agency/barfi/assets/img/SnowRemovalOne/blog/vl-blog-lar-thumb-1.1.png]
[html.vikinglab.agency/barfi/assets/img/icon/vl-blog-icon1.1.svg]
[html.vikinglab.agency/barfi/assets/img/icon/vl-blog-icon1.2.svg]
[html.vikinglab.agency/barfi/assets/img/icon/vl-blog-icon1.3.svg]
[html.vikinglab.agency/barfi/assets/img/SnowRemovalOne/blog/vl-video-thumb.png]
[html.vikinglab.agency/barfi/assets/img/SnowRemovalOne/comment/vl-cmnt-1.1.png]
[html.vikinglab.agency/barfi/assets/img/icon/vl-replay.svg]
[html.vikinglab.agency/barfi/assets/img/SnowRemovalOne/comment/vl-cmnt-1.2.png]
[html.vikinglab.agency/barfi/assets/img/SnowRemovalTwo/blog/vl-blog-2.1.png]
[html.vikinglab.agency/barfi/assets/img/icon/calender2.1.svg]
[html.vikinglab.agency/barfi/assets/img/icon/user2.1.svg]
[html.vikinglab.agency/barfi/assets/img/SnowRemovalTwo/blog/vl-blog-2.2.png]
[html.vikinglab.agency/barfi/assets/img/SnowRemovalTwo/blog/vl-blog-2.3.png]
[html.vikinglab.agency/barfi/blog-single.html]
[html.vikinglab.agency/barfi/assets/img/icon/footer-ph-1.1.svg]
[html.vikinglab.agency/barfi/assets/img/shape/cta-wave-shape2.1.svg]
[html.vikinglab.agency/barfi/assets/img/icon/cta-phone-2.1.svg]
[html.vikinglab.agency/barfi/assets/img/SnowRemovalTwo/solution/solution-thumb2.4.png]
[html.vikinglab.agency/barfi/assets/img/SnowRemovalTwo/solution/solution-thumb2.5.png]
[html.vikinglab.agency/barfi/assets/img/SnowRemovalTwo/solution/solution-thumb2.6.png]
[html.vikinglab.agency/barfi/assets/img/SnowRemovalTwo/solution/solution-thumb2.7.png]
[html.vikinglab.agency/barfi/assets/img/SnowRemovalTwo/solution/solution-thumb2.8.png]
[html.vikinglab.agency/barfi/assets/img/SnowRemovalTwo/solution/solution-thumb2.9.png]
[html.vikinglab.agency/barfi/assets/img/icon/vl-contact-icon-6.1.svg]
[html.vikinglab.agency/barfi/assets/img/icon/vl-contact-icon-6.2.svg]
[html.vikinglab.agency/barfi/assets/img/icon/vl-contact-icon-6.3.svg]
[html.vikinglab.agency/barfi/assets/img/icon/vl-contact-icon-6.4.svg]
[html.vikinglab.agency/barfi/service.html]
[html.vikinglab.agency/barfi/assets/img/SnowRemovalOne/blog/vl-blog-inner1.4.png]
[html.vikinglab.agency/barfi/assets/img/SnowRemovalOne/blog/vl-blog-inner1.5.png]
[html.vikinglab.agency/barfi/assets/img/SnowRemovalOne/blog/vl-blog-inner1.6.png]
[html.vikinglab.agency/barfi/assets/img/SnowRemovalOne/blog/vl-blog-inner1.7.png]
[html.vikinglab.agency/barfi/assets/img/SnowRemovalOne/blog/vl-blog-inner1.8.png]
[html.vikinglab.agency/barfi/assets/img/SnowRemovalOne/blog/vl-blog-inner1.9.png]
[html.vikinglab.agency/barfi/blog.html]
[html.vikinglab.agency/barfi/assets/img/icon/vl-location-1.1.svg]
[html.vikinglab.agency/barfi/assets/img/icon/footer-mail-1.1.svg]
[html.vikinglab.agency/barfi/assets/img/icon/footer-web-1.1.svg]
[html.vikinglab.agency/barfi/assets/js/plugins/jquery-3.7.1.min.js]
[html.vikinglab.agency/barfi/assets/js/plugins/bootstrap.min.js]
[html.vikinglab.agency/barfi/${e.image.src}]
[html.vikinglab.agency/barfi/assets/js/plugins/jarallax.min.js]
[html.vikinglab.agency/barfi/Version/index.html]
[html.vikinglab.agency/barfi/e]
[html.vikinglab.agency/barfi/t.params.url]
[html.vikinglab.agency/barfi/assets/js/plugins/swiper-bundle.min.js]
[html.vikinglab.agency/barfi/assets/js/plugins/nice-select.js]
[html.vikinglab.agency/barfi/assets/js/plugins/fontawesome.min.js]
[html.vikinglab.agency/barfi/assets/js/plugins/magnific-popup.js]
[html.vikinglab.agency/barfi/assets/js/plugins/waypoints.js]
[html.vikinglab.agency/barfi/assets/js/plugins/odometer.min.js]
[html.vikinglab.agency/barfi/assets/js/plugins/aos.js]
[html.vikinglab.agency/barfi/assets/js/plugins/ScrollSmoother.min.js]
[html.vikinglab.agency/barfi/assets/js/plugins/plugin.js]
[html.vikinglab.agency/barfi/assets/js/slider.js]
[html.vikinglab.agency/barfi/assets/js/main.js]
[html.vikinglab.agency/barfi/index-single.html]
[html.vikinglab.agency/barfi/Trident/index.html]
[html.vikinglab.agency/barfi/dist/index.html]
[html.vikinglab.agency/barfi/assets/img/icon/top-icon-2.1.svg]
[html.vikinglab.agency/barfi/assets/img/icon/top-icon-2.2.svg]
[html.vikinglab.agency/barfi/assets/img/SnowRemovalTwo/banner/banner-bg-2.1.png]
[html.vikinglab.agency/barfi/assets/img/SnowRemovalTwo/banner/baner-shape2.1.png]
[html.vikinglab.agency/barfi/assets/img/shape/banner-shape2.1.svg]
[html.vikinglab.agency/barfi/assets/img/shape/google1.2.svg]
[html.vikinglab.agency/barfi/assets/img/SnowRemovalOne/testimonial/testimonial-thumb2.1.png]
[html.vikinglab.agency/barfi/assets/img/SnowRemovalTwo/faq/vl-faq-2.1.png]
[html.vikinglab.agency/barfi/assets/img/shape/cta-sha-2.1.svg]
[html.vikinglab.agency/barfi/index-2.html]
[html.vikinglab.agency/barfi/index-2-single.html]
[html.vikinglab.agency/barfi/assets/img/SnowRemovalOne/banner/banner-thumb3.1.png]
[html.vikinglab.agency/barfi/assets/img/shape/text-circle3.1.svg]
[html.vikinglab.agency/barfi/assets/img/SnowRemovalOne/banner/banner-thumb3.2.png]
[html.vikinglab.agency/barfi/assets/img/SnowRemovalOne/banner/banner-thumb3.3.png]
[html.vikinglab.agency/barfi/assets/img/SnowRemovalOne/about/vl-about-sm-3.1.png]
[html.vikinglab.agency/barfi/assets/img/icon/vl-about-icon-3.1.svg]
[html.vikinglab.agency/barfi/assets/img/icon/vl-about-icon-3.2.svg]
[html.vikinglab.agency/barfi/assets/img/SnowRemovalOne/about/vl-about-3.1.png]
[html.vikinglab.agency/barfi/assets/img/SnowRemovalOne/service/vl-service-3.1.png]
[html.vikinglab.agency/barfi/assets/img/SnowRemovalOne/service/vl-service-3.2.png]
[html.vikinglab.agency/barfi/assets/img/SnowRemovalOne/service/vl-service-3.3.png]
[html.vikinglab.agency/barfi/assets/img/SnowRemovalOne/service/vl-service-3.4.png]
[html.vikinglab.agency/barfi/assets/img/SnowRemovalOne/service/vl-service-3.5.png]
[html.vikinglab.agency/barfi/assets/img/SnowRemovalOne/service/vl-service-3.6.png]
[html.vikinglab.agency/barfi/assets/img/SnowRemovalOne/choose/vl-choose-thumb3.1.png]
[html.vikinglab.agency/barfi/assets/img/shape/vl-team-shape-3.1.svg]
[html.vikinglab.agency/barfi/assets/img/SnowRemovalOne/team/vl-team-thumb-3.1.png]
[html.vikinglab.agency/barfi/assets/img/SnowRemovalOne/team/vl-team-thumb-3.2.png]
[html.vikinglab.agency/barfi/assets/img/SnowRemovalOne/team/vl-team-thumb-3.3.png]
[html.vikinglab.agency/barfi/assets/img/SnowRemovalOne/team/vl-team-thumb-3.4.png]
[html.vikinglab.agency/barfi/assets/img/icon/vl-google-3.1.svg]
[html.vikinglab.agency/barfi/assets/img/SnowRemovalOne/testimonial/testimonial-thumb3.1.png]
[html.vikinglab.agency/barfi/assets/img/icon/testimonial-quote3.1.svg]
[html.vikinglab.agency/barfi/assets/img/SnowRemovalOne/blog/vl-team3.1.png]
[html.vikinglab.agency/barfi/index-3.html]
[html.vikinglab.agency/barfi/assets/img/SnowRemovalOne/blog/vl-team3.2.png]
[html.vikinglab.agency/barfi/index-3-single.html]
[html.vikinglab.agency/barfi/assets/img/LawnCare/about/client-group4.1.png]
[html.vikinglab.agency/barfi/assets/img/LawnCare/banner/banner-sm-thumb4.1.png]
[html.vikinglab.agency/barfi/assets/img/brand/vl-brand-4.1.png]
[html.vikinglab.agency/barfi/assets/img/brand/vl-brand-4.2.png]
[html.vikinglab.agency/barfi/assets/img/brand/vl-brand-4.3.png]
[html.vikinglab.agency/barfi/assets/img/brand/vl-brand-4.4.png]
[html.vikinglab.agency/barfi/assets/img/brand/vl-brand-4.5.png]
[html.vikinglab.agency/barfi/assets/img/LawnCare/service/service-thumb4.1.png]
[html.vikinglab.agency/barfi/assets/img/LawnCare/service/service-thumb4.2.png]
[html.vikinglab.agency/barfi/assets/img/LawnCare/service/service-thumb4.3.png]
[html.vikinglab.agency/barfi/assets/img/LawnCare/service/service-thumb4.4.png]
[html.vikinglab.agency/barfi/assets/img/LawnCare/about/vl-about-thumb4.1.png]
[html.vikinglab.agency/barfi/assets/img/icon/vl-about-icon-4.1.svg]
[html.vikinglab.agency/barfi/assets/img/icon/vl-about-icon-4.2.svg]
[html.vikinglab.agency/barfi/assets/img/shape/vl-pricing-shape.png]
[html.vikinglab.agency/barfi/assets/img/LawnCare/testimonial/testimonial-bg-4.1.png]
[html.vikinglab.agency/barfi/assets/img/Landscaping/testimonial/testimonial-auth-4.1.png]
[html.vikinglab.agency/barfi/assets/img/LawnCare/blog/blog-thumb-4.1.png]
[html.vikinglab.agency/barfi/assets/img/LawnCare/blog/blog-thumb-4.2.png]
[html.vikinglab.agency/barfi/assets/img/shape/cta-sha-4.1.svg]
[html.vikinglab.agency/barfi/index-4.html]
[html.vikinglab.agency/barfi/index-4-single.html]
[html.vikinglab.agency/barfi/assets/img/TreeRemoval/banner/bg-6.png]
[html.vikinglab.agency/barfi/assets/img/TreeRemoval/banner/banner-sm-thumb-6.1.png]
[html.vikinglab.agency/barfi/assets/img/icon/banner-sm-icon-6.1.svg]
[html.vikinglab.agency/barfi/assets/img/TreeRemoval/banner/banner-sm-thumb-6.2.png]
[html.vikinglab.agency/barfi/assets/img/icon/banner-sm-icon-6.2.svg]
[html.vikinglab.agency/barfi/assets/img/TreeRemoval/banner/banner-sm-thumb-6.3.png]
[html.vikinglab.agency/barfi/assets/img/icon/banner-sm-icon-6.3.svg]
[html.vikinglab.agency/barfi/assets/img/TreeRemoval/choose/vl-choose-thumb6.1.png]
[html.vikinglab.agency/barfi/assets/img/shape/vl-choose-6.1.svg]
[html.vikinglab.agency/barfi/assets/img/TreeRemoval/choose/vl-choose-right-thumb6.1.png]
[html.vikinglab.agency/barfi/assets/img/TreeRemoval/service/vl-service-thumb-6.1.png]
[html.vikinglab.agency/barfi/assets/img/TreeRemoval/service/vl-service-thumb-6.2.png]
[html.vikinglab.agency/barfi/assets/img/TreeRemoval/service/vl-service-thumb-6.3.png]
[html.vikinglab.agency/barfi/assets/img/TreeRemoval/service/vl-service-thumb-6.4.png]
[html.vikinglab.agency/barfi/assets/img/TreeRemoval/about/vl-about-thumb6.1.png]
[html.vikinglab.agency/barfi/assets/img/TreeRemoval/about/vl-about-thumb6.2.png]
[html.vikinglab.agency/barfi/assets/img/TreeRemoval/about/circle-text7.svg]
[html.vikinglab.agency/barfi/assets/img/icon/up-arow7.svg]
[html.vikinglab.agency/barfi/assets/img/icon/quote-left6.1.svg]
[html.vikinglab.agency/barfi/assets/img/TreeRemoval/blog/blog-thumb-6.1.png]
[html.vikinglab.agency/barfi/assets/img/TreeRemoval/blog/blog-thumb-6.2.png]
[html.vikinglab.agency/barfi/assets/img/TreeRemoval/blog/blog-thumb-6.3.png]
[html.vikinglab.agency/barfi/assets/img/TreeRemoval/faq/vl-faq-thumb6.png]
[html.vikinglab.agency/barfi/assets/img/shape/vl-cta-shape6.1.svg]
[html.vikinglab.agency/barfi/index-6.html]
[html.vikinglab.agency/barfi/index-6-single.html]
[html.vikinglab.agency/barfi/assets/img/icon/sub-title-icon-black.svg]
[html.vikinglab.agency/barfi/assets/img/SnowRemovalOne/banner/vl-banner-auth-7.1.png]
[html.vikinglab.agency/barfi/assets/img/icon/vl-banner-logo7.1.svg]
[html.vikinglab.agency/barfi/assets/img/SnowRemovalOne/banner/vl-banner-thumb-7.1.png]
[html.vikinglab.agency/barfi/assets/img/shape/banner-shape-7.1.svg]
[html.vikinglab.agency/barfi/assets/img/SnowRemovalOne/about/vl-about-7.1.png]
[html.vikinglab.agency/barfi/assets/img/SnowRemovalOne/service/service-thumb-7.1.png]
[html.vikinglab.agency/barfi/assets/img/SnowRemovalOne/service/service-thumb-7.2.png]
[html.vikinglab.agency/barfi/assets/img/SnowRemovalOne/service/service-thumb-7.3.png]
[html.vikinglab.agency/barfi/assets/img/SnowRemovalOne/service/service-thumb-7.4.png]
[html.vikinglab.agency/barfi/assets/img/SnowRemovalOne/testimonial/vl-work-thumb-7.1.png]
[html.vikinglab.agency/barfi/assets/img/SnowRemovalOne/contact/contact-map7.1.png]
[html.vikinglab.agency/barfi/assets/img/TreeRemoval/faq/vl-faq-thumb7.1.png]
[html.vikinglab.agency/barfi/assets/img/TreeRemoval/blog/blog-thumb-7.1.png]
[html.vikinglab.agency/barfi/assets/img/TreeRemoval/blog/blog-thumb-7.2.png]
[html.vikinglab.agency/barfi/assets/img/TreeRemoval/blog/blog-thumb-7.3.png]
[html.vikinglab.agency/barfi/index-7.html]
[html.vikinglab.agency/barfi/index-7-single.html]
[html.vikinglab.agency/barfi/assets/img/Landscaping/banner/vl-banner-8.1.png]
[html.vikinglab.agency/barfi/assets/img/Landscaping/banner/vl-auth-thumb-8.1.png]
[html.vikinglab.agency/barfi/assets/img/shape/vl-banner-title-shape-8.1.svg]
[html.vikinglab.agency/barfi/assets/img/Landscaping/banner/vl-bannersm-thumb-8.1.png]
[html.vikinglab.agency/barfi/assets/img/Landscaping/banner/vl-bannersm-thumb-8.2.png]
[html.vikinglab.agency/barfi/assets/img/Landscaping/about/vl-about-thumb-8.1.png]
[html.vikinglab.agency/barfi/assets/img/Landscaping/about/vl-about-thumb-8.2.png]
[html.vikinglab.agency/barfi/assets/img/icon/vl-about-icon8.1.svg]
[html.vikinglab.agency/barfi/assets/img/icon/vl-about-icon8.2.svg]
[html.vikinglab.agency/barfi/assets/img/icon/vl-about-icon8.3.svg]
[html.vikinglab.agency/barfi/assets/img/shape/vl-cta-arrow-shape8.1.svg]
[html.vikinglab.agency/barfi/index-8.html]
[html.vikinglab.agency/barfi/index-8-single.html]
[html.vikinglab.agency/barfi/assets/img/icon/vl-banner-logo-9.1.png]
[html.vikinglab.agency/barfi/assets/img/SnowRemovalOne/service/vl-service-thumb-9.1.png]
[html.vikinglab.agency/barfi/assets/img/icon/vl-service-icon-9.1.svg]
[html.vikinglab.agency/barfi/assets/img/SnowRemovalOne/service/vl-service-thumb-9.2.png]
[html.vikinglab.agency/barfi/assets/img/icon/vl-service-icon-9.2.svg]
[html.vikinglab.agency/barfi/assets/img/SnowRemovalOne/service/vl-service-thumb-9.3.png]
[html.vikinglab.agency/barfi/assets/img/icon/vl-service-icon-9.3.svg]
[html.vikinglab.agency/barfi/assets/img/SnowRemovalOne/service/vl-service-thumb-9.4.png]
[html.vikinglab.agency/barfi/assets/img/icon/vl-service-icon-9.4.svg]
[html.vikinglab.agency/barfi/assets/img/SnowRemovalOne/service/vl-service-thumb-9.5.png]
[html.vikinglab.agency/barfi/assets/img/icon/vl-service-icon-9.5.svg]
[html.vikinglab.agency/barfi/assets/img/SnowRemovalOne/testimonial/testimonial-thumb-9.1.png]
[html.vikinglab.agency/barfi/assets/img/icon/testimonial-quote-wh9.1.svg]
[html.vikinglab.agency/barfi/index-9.html]
[html.vikinglab.agency/barfi/index-9-single.html]
[html.vikinglab.agency/barfi/assets/img/LawnCare/about/vl-about-thumb-10.1.png]
[html.vikinglab.agency/barfi/assets/img/TreeRemoval/choose/vl-choose-10.1.png]
[html.vikinglab.agency/barfi/assets/img/TreeRemoval/work/work-thumb10.1.png]
[html.vikinglab.agency/barfi/index-10.html]
[html.vikinglab.agency/barfi/index-10-single.html]
[html.vikinglab.agency/barfi/assets/img/SnowRemovalOne/team/vl-team-inner-1.1.png]
[html.vikinglab.agency/barfi/assets/img/SnowRemovalOne/team/vl-team-inner-1.2.png]
[html.vikinglab.agency/barfi/assets/img/SnowRemovalOne/team/vl-team-inner-1.3.png]
[html.vikinglab.agency/barfi/assets/img/SnowRemovalOne/team/vl-team-inner-1.4.png]
[html.vikinglab.agency/barfi/assets/img/SnowRemovalOne/team/vl-team-inner-1.5.png]
[html.vikinglab.agency/barfi/assets/img/SnowRemovalOne/team/vl-team-inner-1.6.png]
[html.vikinglab.agency/barfi/assets/img/SnowRemovalOne/team/vl-team-inner-1.7.png]
[html.vikinglab.agency/barfi/assets/img/SnowRemovalOne/team/vl-team-inner-1.8.png]
[html.vikinglab.agency/barfi/assets/img/SnowRemovalOne/team/vl-team-inner-1.9.png]
[html.vikinglab.agency/barfi/team.html]
[html.vikinglab.agency/barfi/assets/img/SnowRemovalOne/team/vl-team-sinle1.1.png]
[html.vikinglab.agency/barfi/team-details.html]
[html.vikinglab.agency/barfi/assets/img/SnowRemovalOne/error/errorbg.png]
[html.vikinglab.agency/barfi/404.html]
[html.vikinglab.agency/barfi/service-left.html]
[html.vikinglab.agency/barfi/service-right.html]
[html.vikinglab.agency/barfi/assets/img/SnowRemovalOne/blog/vl-rec-blog-1.1.png]
[html.vikinglab.agency/barfi/assets/img/icon/vl-rec-date-icon1.1.svg]
[html.vikinglab.agency/barfi/assets/img/SnowRemovalOne/blog/vl-rec-blog-1.2.png]
[html.vikinglab.agency/barfi/assets/img/SnowRemovalOne/blog/vl-rec-blog-1.3.png]
[html.vikinglab.agency/barfi/assets/img/SnowRemovalOne/team/vl-auth-iner1.1.png]
[html.vikinglab.agency/barfi/assets/img/SnowRemovalOne/team/vl-auth-iner1.2.png]
[html.vikinglab.agency/barfi/assets/img/SnowRemovalOne/team/vl-auth-iner1.3.png]
[html.vikinglab.agency/barfi/assets/img/SnowRemovalOne/team/vl-auth-iner1.4.png]
[html.vikinglab.agency/barfi/assets/img/SnowRemovalOne/team/vl-auth-iner1.5.png]
[html.vikinglab.agency/barfi/assets/img/SnowRemovalOne/team/vl-auth-iner1.6.png]
[html.vikinglab.agency/barfi/assets/img/SnowRemovalOne/team/vl-auth-iner1.7.png]
[html.vikinglab.agency/barfi/assets/img/SnowRemovalOne/team/vl-auth-iner1.8.png]
[html.vikinglab.agency/barfi/blog-left.html]
[html.vikinglab.agency/barfi/blog-right.html]
[html.vikinglab.agency/barfi/assets/img/icon/vl-service-icon-5.2.svg]
[html.vikinglab.agency/barfi/assets/img/icon/vl-service-icon-5.3.svg]
[html.vikinglab.agency/barfi/assets/img/icon/vl-call1.1.svg]
[html.vikinglab.agency/barfi/assets/img/shape/banner-shape1.1.svg]
[html.vikinglab.agency/barfi/assets/img/shape/banner-shape1.2.svg]
[html.vikinglab.agency/barfi/assets/img/shape/google1.1.svg]
[html.vikinglab.agency/barfi/assets/img/icon/sub-title-icon1.1.svg]
[html.vikinglab.agency/barfi/assets/img/icon/check1.1.svg]
[html.vikinglab.agency/barfi/assets/img/shape/service-bg-shape.svg]
[html.vikinglab.agency/barfi/assets/img/icon/service-icon-1.1.svg]
[html.vikinglab.agency/barfi/assets/img/icon/service-icon-1.2.svg]
[html.vikinglab.agency/barfi/assets/img/icon/service-center-icon.svg]
[html.vikinglab.agency/barfi/assets/img/icon/service-icon-1.3.svg]
[html.vikinglab.agency/barfi/assets/img/icon/service-icon-1.4.svg]
[html.vikinglab.agency/barfi/assets/img/icon/choose-icon1.1.svg]
[html.vikinglab.agency/barfi/assets/img/icon/choose-icon1.2.svg]
[html.vikinglab.agency/barfi/assets/img/shape/testimonial-shape1.1.svg]
[html.vikinglab.agency/barfi/assets/img/icon/share-icon1.1.svg]
[html.vikinglab.agency/barfi/assets/img/shape/team-shape1.1.svg]
[html.vikinglab.agency/barfi/assets/img/shape/quote-left1.1.svg]
[html.vikinglab.agency/barfi/assets/img/logo/google-sm-logo.svg]
[html.vikinglab.agency/barfi/assets/img/shape/footer-shape1.1.svg]
[html.vikinglab.agency/barfi/assets/img/shape/breadcrumb-shape.svg]
[html.vikinglab.agency/barfi/assets/img/icon/vl-contact-icon1.1.svg]
[html.vikinglab.agency/barfi/assets/img/icon/vl-contact-icon1.2.svg]
[html.vikinglab.agency/barfi/assets/img/icon/vl-contact-icon1.3.svg]
[html.vikinglab.agency/barfi/assets/img/icon/vl-contact-icon1.4.svg]
[html.vikinglab.agency/barfi/assets/img/shape/fact-shape-about-bg.svg]
[html.vikinglab.agency/barfi/assets/img/icon/vl-chos-icon-ab-1.1.svg]
[html.vikinglab.agency/barfi/assets/img/icon/vl-chos-icon-ab-1.2.svg]
[html.vikinglab.agency/barfi/assets/img/icon/vl-chos-icon-ab-1.3.svg]
[html.vikinglab.agency/barfi/assets/img/icon/vl-chos-icon-ab-1.4.svg]
[html.vikinglab.agency/barfi/assets/img/icon/vl-chos-icon-ab-1.5.svg]
[html.vikinglab.agency/barfi/assets/img/icon/vl-chos-icon-ab-1.6.svg]
[html.vikinglab.agency/barfi/assets/img/icon/quote-left-iner-1.1.svg]
[html.vikinglab.agency/barfi/assets/img/icon/team-share-3.1.svg]
[html.vikinglab.agency/barfi/assets/img/icon/vl-check-in1.1.svg]
[html.vikinglab.agency/barfi/assets/img/icon/vl-blog-icon1.1.svg]
[html.vikinglab.agency/barfi/assets/img/icon/vl-blog-icon1.2.svg]
[html.vikinglab.agency/barfi/assets/img/icon/vl-blog-icon1.3.svg]
[html.vikinglab.agency/barfi/assets/img/icon/vl-replay.svg]
[html.vikinglab.agency/barfi/assets/img/icon/calender2.1.svg]
[html.vikinglab.agency/barfi/assets/img/icon/user2.1.svg]
[html.vikinglab.agency/barfi/assets/img/icon/vl-contact-icon-6.1.svg]
[html.vikinglab.agency/barfi/assets/img/icon/vl-contact-icon-6.2.svg]
[html.vikinglab.agency/barfi/assets/img/icon/vl-contact-icon-6.3.svg]
[html.vikinglab.agency/barfi/assets/img/icon/vl-contact-icon-6.4.svg]
[html.vikinglab.agency/barfi/${e.image.html]
[html.vikinglab.agency/barfi/Version/index.html]
[html.vikinglab.agency/barfi/e.html]
[html.vikinglab.agency/barfi/t.params.html]
[html.vikinglab.agency/barfi/Trident/index.html]
[html.vikinglab.agency/barfi/dist/index.html]
[html.vikinglab.agency/barfi/assets/img/icon/top-icon-2.1.svg]
[html.vikinglab.agency/barfi/assets/img/icon/top-icon-2.2.svg]
[html.vikinglab.agency/barfi/assets/img/shape/banner-shape2.1.svg]
[html.vikinglab.agency/barfi/assets/img/shape/google1.2.svg]
[html.vikinglab.agency/barfi/assets/img/shape/cta-sha-2.1.svg]
[html.vikinglab.agency/barfi/assets/img/shape/text-circle3.1.svg]
[html.vikinglab.agency/barfi/assets/img/icon/vl-about-icon-3.1.svg]
[html.vikinglab.agency/barfi/assets/img/icon/vl-about-icon-3.2.svg]
[html.vikinglab.agency/barfi/assets/img/shape/vl-team-shape-3.1.svg]
[html.vikinglab.agency/barfi/assets/img/icon/vl-google-3.1.svg]
[html.vikinglab.agency/barfi/assets/img/icon/testimonial-quote3.1.svg]
[html.vikinglab.agency/barfi/assets/img/icon/vl-about-icon-4.1.svg]
[html.vikinglab.agency/barfi/assets/img/icon/vl-about-icon-4.2.svg]
[html.vikinglab.agency/barfi/assets/img/icon/vl-price-check4.1.svg]
[html.vikinglab.agency/barfi/assets/img/shape/cta-sha-4.1.svg]
[html.vikinglab.agency/barfi/assets/img/icon/banner-sm-icon-6.1.svg]
[html.vikinglab.agency/barfi/assets/img/icon/banner-sm-icon-6.2.svg]
[html.vikinglab.agency/barfi/assets/img/icon/banner-sm-icon-6.3.svg]
[html.vikinglab.agency/barfi/assets/img/shape/vl-choose-6.1.svg]
[html.vikinglab.agency/barfi/assets/img/TreeRemoval/about/circle-text7.svg]
[html.vikinglab.agency/barfi/assets/img/icon/up-arow7.svg]
[html.vikinglab.agency/barfi/assets/img/icon/quote-left6.1.svg]
[html.vikinglab.agency/barfi/assets/img/shape/vl-cta-shape6.1.svg]
[html.vikinglab.agency/barfi/assets/img/icon/sub-title-icon-black.svg]
[html.vikinglab.agency/barfi/assets/img/icon/vl-banner-logo7.1.svg]
[html.vikinglab.agency/barfi/assets/img/shape/banner-shape-7.1.svg]
[html.vikinglab.agency/barfi/assets/img/shape/vl-banner-title-shape-8.1.svg]
[html.vikinglab.agency/barfi/assets/img/icon/vl-about-icon8.1.svg]
[html.vikinglab.agency/barfi/assets/img/icon/vl-about-icon8.2.svg]
[html.vikinglab.agency/barfi/assets/img/icon/vl-about-icon8.3.svg]
[html.vikinglab.agency/barfi/assets/img/shape/vl-cta-arrow-shape8.1.svg]
[html.vikinglab.agency/barfi/assets/img/icon/vl-service-icon-9.1.svg]
[html.vikinglab.agency/barfi/assets/img/icon/vl-service-icon-9.2.svg]
[html.vikinglab.agency/barfi/assets/img/icon/vl-service-icon-9.3.svg]
[html.vikinglab.agency/barfi/assets/img/icon/vl-service-icon-9.4.svg]
[html.vikinglab.agency/barfi/assets/img/icon/vl-service-icon-9.5.svg]
[html.vikinglab.agency/barfi/assets/img/icon/testimonial-quote-wh9.1.svg]
[html.vikinglab.agency/barfi/assets/img/icon/vl-rec-date-icon1.1.svg]
